// Jest Snapshot v1, https://goo.gl/fbAQLP

exports[`serviceList should match the snapshot 1`] = `
<div
  className="container-fluid flex-column justify-content-center"
>
  <div
    className="card"
    onClick={[Function]}
  >
    <table
      className="  m-3 col-10"
    >
      <tbody
        className=" col-12"
      >
        <tr
          className=" m-3 "
        >
          <div
            className="m-3 col-12 flex-container justify-content-center"
          >
            <div
              className="col-12 d-flex justify-content-center"
            >
              <h4
                className=" col-8  d-flex justify-content-center serviceCategoryTitle p-2"
              >
                Bath & Full Haircut
              </h4>
            </div>
            <hr
              className=" col-10 "
            />
          </div>
          <div
            className="d-flex m-4 col-10 justify-content-center serviceCategoryBody"
          >
            <td
              className=" col-9  text-center"
            >
              A haircut and style. Service includes Bath services plus a full haircut or shave.
            </td>
            <td
              className="d-flex col-1 text-center justify-content-center align-self-center serviceCategoryPrice"
            >
              <p
                className="mr-2"
              >
                $
              </p>
              <p>
                76.00
              </p>
            </td>
          </div>
        </tr>
      </tbody>
      <hr
        className=" col-12 "
      />
    </table>
  </div>
  <div
    className="card"
    onClick={[Function]}
  >
    <table
      className="  m-3 col-10"
    >
      <tbody
        className=" col-12"
      >
        <tr
          className=" m-3 "
        >
          <div
            className="m-3 col-12 flex-container justify-content-center"
          >
            <div
              className="col-12 d-flex justify-content-center"
            >
              <h4
                className=" col-8  d-flex justify-content-center serviceCategoryTitle p-2"
              >
                Bath & Full Haircut with FUR minator
              </h4>
            </div>
            <hr
              className=" col-10 "
            />
          </div>
          <div
            className="d-flex m-4 col-10 justify-content-center serviceCategoryBody"
          >
            <td
              className=" col-9  text-center"
            >
              Helps reduce shedding. Package includes Bath and Haircut services plus Low-Shed Shampoo, DeShedding Solution and Up to 20 Minutes Brushing with FURminator tool.
            </td>
            <td
              className="d-flex col-1 text-center justify-content-center align-self-center serviceCategoryPrice"
            >
              <p
                className="mr-2"
              >
                $
              </p>
              <p>
                91.00
              </p>
            </td>
          </div>
        </tr>
      </tbody>
      <hr
        className=" col-12 "
      />
    </table>
  </div>
  <div
    className="card"
    onClick={[Function]}
  >
    <table
      className="  m-3 col-10"
    >
      <tbody
        className=" col-12"
      >
        <tr
          className=" m-3 "
        >
          <div
            className="m-3 col-12 flex-container justify-content-center"
          >
            <div
              className="col-12 d-flex justify-content-center"
            >
              <h4
                className=" col-8  d-flex justify-content-center serviceCategoryTitle p-2"
              >
                Bath & Brush
              </h4>
            </div>
            <hr
              className=" col-10 "
            />
          </div>
          <div
            className="d-flex m-4 col-10 justify-content-center serviceCategoryBody"
          >
            <td
              className=" col-9  text-center"
            >
              Helps reduce shedding. For dogs that do not need a haircut. Package includes Bath services plus Low-Shed Shampoo, DeShedding Solution and Up to 20 Minutes Brushing with FURminator tool.
            </td>
            <td
              className="d-flex col-1 text-center justify-content-center align-self-center serviceCategoryPrice"
            >
              <p
                className="mr-2"
              >
                $
              </p>
              <p>
                81.00
              </p>
            </td>
          </div>
        </tr>
      </tbody>
      <hr
        className=" col-12 "
      />
    </table>
  </div>
</div>
`;
